[2025-09-30T14:21:24.724Z] 🚀 벡터 임베딩 시스템 초기화 시작
[2025-09-30T14:21:24.726Z] 📊 문서 청킹 (10%): 문서를 최적화된 청크로 분할 중...
[2025-09-30T14:21:24.726Z] 기존 청크 파일을 찾을 수 없음, 새로 생성합니다.
[2025-09-30T14:21:24.820Z] 📊 임베딩 생성 (30%): 문서 청크에 대한 벡터 임베딩 생성 중...
[2025-09-30T14:25:59.634Z] 🚀 벡터 임베딩 시스템 초기화 시작
[2025-09-30T14:25:59.635Z] 📊 문서 청킹 (10%): 문서를 최적화된 청크로 분할 중...
[2025-09-30T14:25:59.642Z] 📄 기존 청크 데이터 사용: 616개 청크
[2025-09-30T14:25:59.642Z] 📊 임베딩 생성 (30%): 문서 청크에 대한 벡터 임베딩 생성 중...
[2025-09-30T16:01:48.564Z] 🚀 벡터 임베딩 시스템 초기화 시작
[2025-09-30T16:01:48.566Z] 📊 문서 청킹 (10%): 문서를 최적화된 청크로 분할 중...
[2025-09-30T16:01:48.574Z] 📄 기존 청크 데이터 사용: 616개 청크
[2025-09-30T16:01:48.574Z] 📊 임베딩 생성 (30%): 문서 청크에 대한 벡터 임베딩 생성 중...
[2025-09-30T16:02:29.018Z] 🚀 벡터 임베딩 시스템 초기화 시작
[2025-09-30T16:02:29.020Z] 📊 문서 청킹 (10%): 문서를 최적화된 청크로 분할 중...
[2025-09-30T16:02:29.026Z] 📄 기존 청크 데이터 사용: 616개 청크
[2025-09-30T16:02:29.026Z] 📊 임베딩 생성 (30%): 문서 청크에 대한 벡터 임베딩 생성 중...
[2025-09-30T16:02:29.171Z] 📊 기존 임베딩 데이터 사용: 32개
[2025-09-30T16:02:29.171Z] 📊 검색 시스템 검증 (80%): 하이브리드 검색 시스템 기능 검증 중...
[2025-09-30T16:02:30.076Z] 🧪 검색 시스템 테스트: 2/3 통과
[2025-09-30T16:02:30.076Z] ❌ 시스템 초기화 실패: 검색 시스템 검증 실패: undefined
[2025-09-30T16:04:15.536Z] 🚀 벡터 임베딩 시스템 초기화 시작
[2025-09-30T16:04:15.537Z] 📊 문서 청킹 (10%): 문서를 최적화된 청크로 분할 중...
[2025-09-30T16:04:15.637Z] 📊 임베딩 생성 (30%): 문서 청크에 대한 벡터 임베딩 생성 중...
[2025-09-30T16:08:03.800Z] 🚀 벡터 임베딩 시스템 초기화 시작
[2025-09-30T16:08:03.802Z] 📊 문서 청킹 (10%): 문서를 최적화된 청크로 분할 중...
[2025-09-30T16:08:03.891Z] 📊 임베딩 생성 (30%): 문서 청크에 대한 벡터 임베딩 생성 중...
[2025-09-30T16:08:56.341Z] 🚀 벡터 임베딩 시스템 초기화 시작
[2025-09-30T16:08:56.343Z] 📊 문서 청킹 (10%): 문서를 최적화된 청크로 분할 중...
[2025-09-30T16:08:56.426Z] 📊 임베딩 생성 (30%): 문서 청크에 대한 벡터 임베딩 생성 중...
[2025-09-30T16:09:44.552Z] 🚀 벡터 임베딩 시스템 초기화 시작
[2025-09-30T16:09:44.553Z] 📊 문서 청킹 (10%): 문서를 최적화된 청크로 분할 중...
[2025-09-30T16:09:44.641Z] 📊 임베딩 생성 (30%): 문서 청크에 대한 벡터 임베딩 생성 중...
[2025-09-30T16:10:18.493Z] 🚀 벡터 임베딩 시스템 초기화 시작
[2025-09-30T16:10:18.494Z] 📊 문서 청킹 (10%): 문서를 최적화된 청크로 분할 중...
[2025-09-30T16:10:18.584Z] 📊 임베딩 생성 (30%): 문서 청크에 대한 벡터 임베딩 생성 중...
[2025-09-30T16:11:33.161Z] 🚀 벡터 임베딩 시스템 초기화 시작
[2025-09-30T16:11:33.163Z] 📊 문서 청킹 (10%): 문서를 최적화된 청크로 분할 중...
[2025-09-30T16:11:33.252Z] 📊 임베딩 생성 (30%): 문서 청크에 대한 벡터 임베딩 생성 중...
[2025-09-30T16:12:48.273Z] 🚀 벡터 임베딩 시스템 초기화 시작
[2025-09-30T16:12:48.275Z] 📊 문서 청킹 (10%): 문서를 최적화된 청크로 분할 중...
[2025-09-30T16:12:48.362Z] 📊 임베딩 생성 (30%): 문서 청크에 대한 벡터 임베딩 생성 중...
[2025-09-30T16:14:02.778Z] 🚀 벡터 임베딩 시스템 초기화 시작
[2025-09-30T16:14:02.780Z] 📊 문서 청킹 (10%): 문서를 최적화된 청크로 분할 중...
[2025-09-30T16:14:02.867Z] 📊 임베딩 생성 (30%): 문서 청크에 대한 벡터 임베딩 생성 중...
[2025-09-30T16:16:20.321Z] 🚀 벡터 임베딩 시스템 초기화 시작
[2025-09-30T16:16:20.323Z] 📊 문서 청킹 (10%): 문서를 최적화된 청크로 분할 중...
[2025-09-30T16:16:20.411Z] 📊 임베딩 생성 (30%): 문서 청크에 대한 벡터 임베딩 생성 중...
[2025-09-30T16:20:18.068Z] 🚀 벡터 임베딩 시스템 초기화 시작
[2025-09-30T16:20:18.070Z] 📊 문서 청킹 (10%): 문서를 최적화된 청크로 분할 중...
[2025-09-30T16:20:18.165Z] 📊 임베딩 생성 (30%): 문서 청크에 대한 벡터 임베딩 생성 중...
[2025-09-30T16:23:12.660Z] 🚀 벡터 임베딩 시스템 초기화 시작
[2025-09-30T16:23:12.662Z] 📊 문서 청킹 (10%): 문서를 최적화된 청크로 분할 중...
[2025-09-30T16:23:12.754Z] 📊 임베딩 생성 (30%): 문서 청크에 대한 벡터 임베딩 생성 중...
[2025-09-30T16:28:53.932Z] 📊 검색 시스템 검증 (80%): 하이브리드 검색 시스템 기능 검증 중...
[2025-09-30T16:28:55.043Z] 🧪 검색 시스템 테스트: 3/3 통과
[2025-09-30T16:28:55.043Z] 📊 완료 (100%): 벡터 임베딩 시스템 구축 완료
[2025-09-30T16:28:55.043Z] ✅ 벡터 임베딩 시스템 구축 완료: {
  "success": true,
  "totalTime": 342383,
  "chunksProcessed": 616,
  "embeddingsGenerated": 616,
  "searchTests": 3,
  "systemReady": true
}
[2025-09-30T18:20:15.285Z] 🚀 벡터 임베딩 시스템 초기화 시작
[2025-09-30T18:20:15.287Z] 📊 문서 청킹 (10%): 문서를 최적화된 청크로 분할 중...
[2025-09-30T18:20:15.385Z] 📊 임베딩 생성 (30%): 문서 청크에 대한 벡터 임베딩 생성 중...
[2025-09-30T18:26:18.587Z] 📊 검색 시스템 검증 (80%): 하이브리드 검색 시스템 기능 검증 중...
[2025-09-30T18:26:19.767Z] 🧪 검색 시스템 테스트: 3/3 통과
[2025-09-30T18:26:19.767Z] 📊 완료 (100%): 벡터 임베딩 시스템 구축 완료
[2025-09-30T18:26:19.768Z] ✅ 벡터 임베딩 시스템 구축 완료: {
  "success": true,
  "totalTime": 364483,
  "chunksProcessed": 616,
  "embeddingsGenerated": 616,
  "searchTests": 3,
  "systemReady": true
}
